Microchip MPLAB XC8 Compiler V1.45 ()

Linker command line:

--edf=C:\Program Files (x86)\Microchip\xc8\v1.45\dat\en_msgs.txt -cs \
  -h+exer3.sym --cmf=exer3.cmf -z -Q16F887 \
  -oC:\Users\Brenn\AppData\Local\Temp\s780.2 -Mexer3.map -E1 -ver=XC8 \
  -ASTACK=0110h-016fh -pstack=STACK -ACODE=00h-07FFhx4 -ASTRCODE=00h-01FFFh \
  -ASTRING=00h-0FFhx32 -ACONST=00h-0FFhx32 -AENTRY=00h-0FFhx32 \
  -ACOMMON=070h-07Fh -ABANK0=020h-06Fh -ABANK1=0A0h-0EFh \
  -ABANK2=0110h-016Fh -ABANK3=0190h-01EFh \
  -ARAM=020h-06Fh,0A0h-0EFh,0110h-016Fh,0190h-01EFh \
  -AABS1=020h-07Fh,0A0h-0EFh,0110h-016Fh,0190h-01EFh -ASFR0=00h-01Fh \
  -ASFR1=080h-09Fh -ASFR2=0100h-010Fh -ASFR3=0180h-018Fh \
  -preset_vec=00h,intentry=04h,init,end_init -ppowerup=CODE -pcinit=CODE \
  -pfunctab=ENTRY -ACONFIG=02007h-02008h -pconfig=CONFIG -DCONFIG=2 \
  -AIDLOC=02000h-02003h -pidloc=IDLOC -DIDLOC=2 -AEEDATA=00h-0FFh/02100h \
  -peeprom_data=EEDATA -DEEDATA=2 -DCODE=2 -DSTRCODE=2 -DSTRING=2 -DCONST=2 \
  -DENTRY=2 -k startup.obj exer3.obj 

Object code version is 3.11

Machine type is 16F887



                Name                               Link     Load   Length Selector   Space Scale
startup.obj     end_init                             12       12        3        8       0
                reset_vec                             0        0        3        0       0
exer3.obj       cinit                                15       15        4        8       0
                intentry                              4        4        E        8       0
                text1                                27       27        D        8       0
                maintext                             19       19        E        8       0
                cstackCOMMON                         70       70        5       70       1

TOTAL           Name                               Link     Load   Length     Space
        CLASS   STACK          

        CLASS   CODE           
                end_init                             12       12        3         0
                cinit                                15       15        4         0
                intentry                              4        4        E         0
                reset_vec                             0        0        3         0
                text1                                27       27        D         0
                maintext                             19       19        E         0

        CLASS   STRCODE        

        CLASS   STRING         

        CLASS   CONST          

        CLASS   ENTRY          

        CLASS   COMMON         
                cstackCOMMON                         70       70        5         1

        CLASS   BANK0          

        CLASS   BANK1          

        CLASS   BANK2          

        CLASS   BANK3          

        CLASS   RAM            

        CLASS   ABS1           
                abs_s1                               7E       7E        2         1

        CLASS   SFR0           

        CLASS   SFR1           

        CLASS   SFR2           

        CLASS   SFR3           

        CLASS   CONFIG         

        CLASS   IDLOC          

        CLASS   EEDATA         



SEGMENTS        Name                           Load    Length   Top    Selector   Space  Class     Delta

                reset_vec                      000000  000003  000003         0       0  CODE        2
                intentry                       000004  000030  000034         8       0  CODE        2
                cstackCOMMON                   000070  000005  000075        70       1  COMMON      1


UNUSED ADDRESS RANGES

        Name                Unused          Largest block    Delta
        BANK0            20-6F           50           1
        BANK1            A0-EF           50           1
        BANK2            110-16F           60           1
        BANK3            190-1EF           60           1
        CODE             03-03            1           2
                         34-1FFF          800
        COMMON           75-7D            9           1
        CONFIG           2007-2008            2           2
        CONST            03-03            1           2
                         34-1FFF          100
        EEDATA           2100-21FF          100           2
        ENTRY            03-03            1           2
                         34-1FFF          100
        IDLOC            2000-2003            4           2
        RAM              20-6F           50           1
                         A0-EF           50
                         110-16F           60
                         190-1EF           60
        SFR0             00-1F           20           1
        SFR1             80-9F           20           1
        SFR2             100-10F           10           1
        SFR3             180-18F           10           1
        STACK            110-16F           60           1
        STRCODE          03-03            1           2
                         34-1FFF         1FCC
        STRING           03-03            1           2
                         34-1FFF          100

                                  Symbol Table

_INTCON                   (abs)        0B
_PIE1                     (abs)        8C
_PR2                      (abs)        92
_T2CON                    (abs)        12
_TMR2IF                   (abs)        61
__Habs1                   abs1         00
__Hbank0                  bank0        00
__Hbank1                  bank1        00
__Hbank2                  bank2        00
__Hbank3                  bank3        00
__Hcinit                  cinit        19
__Hclrtext                clrtext      00
__Hcode                   code         00
__Hcommon                 common       00
__Hconfig                 config       00
__HcstackCOMMON           cstackCOMMON 00
__Heeprom_data            eeprom_data  00
__Hend_init               end_init     15
__Hfunctab                functab      00
__Hidloc                  idloc        00
__Hinit                   init         12
__Hintentry               intentry     12
__Hmaintext               maintext     00
__Hpowerup                powerup      00
__Hram                    ram          00
__Hreset_vec              reset_vec    03
__Hsfr0                   sfr0         00
__Hsfr1                   sfr1         00
__Hsfr2                   sfr2         00
__Hsfr3                   sfr3         00
__Hspace_0                (abs)        34
__Hspace_1                (abs)        75
__Hspace_2                (abs)        00
__Hspace_3                (abs)        00
__Hstack                  stack        00
__Hstrings                strings      00
__Htext                   text         00
__Labs1                   abs1         00
__Lbank0                  bank0        00
__Lbank1                  bank1        00
__Lbank2                  bank2        00
__Lbank3                  bank3        00
__Lcinit                  cinit        15
__Lclrtext                clrtext      00
__Lcode                   code         00
__Lcommon                 common       00
__Lconfig                 config       00
__LcstackCOMMON           cstackCOMMON 00
__Leeprom_data            eeprom_data  00
__Lend_init               end_init     12
__Lfunctab                functab      00
__Lidloc                  idloc        00
__Linit                   init         12
__Lintentry               intentry     04
__Lmaintext               maintext     00
__Lpowerup                powerup      00
__Lram                    ram          00
__Lreset_vec              reset_vec    00
__Lsfr0                   sfr0         00
__Lsfr1                   sfr1         00
__Lsfr2                   sfr2         00
__Lsfr3                   sfr3         00
__Lspace_0                (abs)        00
__Lspace_1                (abs)        00
__Lspace_2                (abs)        00
__Lspace_3                (abs)        00
__Lstack                  stack        00
__Lstrings                strings      00
__Ltext                   text         00
__S0                      (abs)        34
__S1                      (abs)        75
__S2                      (abs)        00
__S3                      (abs)        00
___int_sp                 stack        00
___latbits                (abs)        02
___sp                     stack        00
__end_of__initialization  cinit        15
__end_of_interrupcaoTMR2  text1        34
__end_of_main             maintext     27
__initialization          cinit        15
__pcstackCOMMON           cstackCOMMON 70
__pintentry               intentry     04
__pmaintext               maintext     19
__ptext1                  text1        27
__size_of_interrupcaoTMR2 (abs)        00
__size_of_main            (abs)        00
_interrupcaoTMR2          text1        27
_main                     maintext     19
btemp                     (abs)        7E
end_of_initialization     cinit        15
interrupt_function        intentry     04
intlevel0                 functab      00
intlevel1                 functab      00
intlevel2                 functab      00
intlevel3                 functab      00
intlevel4                 functab      00
intlevel5                 functab      00
reset_vec                 reset_vec    00
saved_w                   (abs)        7E
stackhi                   (abs)        00
stacklo                   (abs)        00
start                     init         12
start_initialization      cinit        15
wtemp0                    (abs)        7E


FUNCTION INFORMATION:

 *************** function _main *****************
 Defined at:
		line 10 in file "C:\Users\Brenn\OneDrive\Documents\Unifei\Micro\microcontroladores\exercicio3\exe3.c"
 Parameters:    Size  Location     Type
		None
 Auto vars:     Size  Location     Type
		None
 Return value:  Size  Location     Type
                  2   20[None  ] int 
 Registers used:
		wreg, status,2, status,0
 Tracked objects:
		On entry : 
		On exit  : 
		Unchanged: 
 Data sizes:     COMMON   BANK0   BANK1   BANK3   BANK2
      Params:         0       0       0       0       0
      Locals:         0       0       0       0       0
      Temps:          1       0       0       0       0
      Totals:         1       0       0       0       0
Total ram usage:        1 bytes
 Hardware stack levels required when called:    1
 This function calls:
		Nothing
 This function is called by:
		Startup code after reset
 This function uses a non-reentrant model


 *************** function _interrupcaoTMR2 *****************
 Defined at:
		line 5 in file "C:\Users\Brenn\OneDrive\Documents\Unifei\Micro\microcontroladores\exercicio3\exe3.c"
 Parameters:    Size  Location     Type
		None
 Auto vars:     Size  Location     Type
		None
 Return value:  Size  Location     Type
                  1    wreg      void 
 Registers used:
		None
 Tracked objects:
		On entry : 
		On exit  : 
		Unchanged: 
 Data sizes:     COMMON   BANK0   BANK1   BANK3   BANK2
      Params:         0       0       0       0       0
      Locals:         0       0       0       0       0
      Temps:          4       0       0       0       0
      Totals:         4       0       0       0       0
Total ram usage:        4 bytes
 Hardware stack levels used:    1
 This function calls:
		Nothing
 This function is called by:
		Interrupt level 1
 This function uses a non-reentrant model



MODULE INFORMATION

Module		Function		Class		Link	Load	Size
shared
		__initialization		CODE           	0015	0000	1

shared estimated size: 1

C:\Users\Brenn\OneDrive\Documents\Unifei\Micro\microcontroladores\exercicio3\exe3.c
		_main          		CODE           	0019	0000	15
		_interrupcaoTMR2		CODE           	0027	0000	14

C:\Users\Brenn\OneDrive\Documents\Unifei\Micro\microcontroladores\exercicio3\exe3.c estimated size: 29

