Microchip MPLAB XC8 Compiler V1.45 ()

Linker command line:

--edf=C:\Program Files (x86)\Microchip\xc8\v1.45\dat\en_msgs.txt -cs \
  -h+prova.sym --cmf=prova.cmf -z -Q16F887 \
  -oC:\Users\Aluno\AppData\Local\Temp\s7f0.2 -Mprova.map -E1 -ver=XC8 \
  -ASTACK=0110h-016fh -pstack=STACK -ACODE=00h-07FFhx4 -ASTRCODE=00h-01FFFh \
  -ASTRING=00h-0FFhx32 -ACONST=00h-0FFhx32 -AENTRY=00h-0FFhx32 \
  -ACOMMON=070h-07Fh -ABANK0=020h-06Fh -ABANK1=0A0h-0EFh \
  -ABANK2=0110h-016Fh -ABANK3=0190h-01EFh \
  -ARAM=020h-06Fh,0A0h-0EFh,0110h-016Fh,0190h-01EFh \
  -AABS1=020h-07Fh,0A0h-0EFh,0110h-016Fh,0190h-01EFh -ASFR0=00h-01Fh \
  -ASFR1=080h-09Fh -ASFR2=0100h-010Fh -ASFR3=0180h-018Fh \
  -preset_vec=00h,intentry=04h,init,end_init -ppowerup=CODE -pcinit=CODE \
  -pfunctab=ENTRY -ACONFIG=02007h-02008h -pconfig=CONFIG -DCONFIG=2 \
  -AIDLOC=02000h-02003h -pidloc=IDLOC -DIDLOC=2 -AEEDATA=00h-0FFh/02100h \
  -peeprom_data=EEDATA -DEEDATA=2 -DCODE=2 -DSTRCODE=2 -DSTRING=2 -DCONST=2 \
  -DENTRY=2 -k startup.obj prova.obj 

Object code version is 3.11

Machine type is 16F887



                Name                               Link     Load   Length Selector   Space Scale
startup.obj     end_init                             12       12        3        8       0
                reset_vec                             0        0        3        0       0
prova.obj       cinit                                15       15        F        8       0
                intentry                              4        4        E        8       0
                text14                              211      211       53        8       0
                text13                              409      409       23        8       0
                text12                              336      336       3C        8       0
                text11                              44A      44A       1D        8       0
                text10                              3E4      3E4       25        8       0
                text9                               3AB      3AB       39        8       0
                text8                               15F      15F       5B        8       0
                text7                               264      264       4D        8       0
                text6                               1BA      1BA       57        8       0
                text5                               2B1      2B1       44        8       0
                text4                                24       24       BC        8       0
                text3                               372      372       39        8       0
                text2                               2F5      2F5       41        8       0
                text1                                E0       E0       7F        8       0
                maintext                            42C      42C       1E        8       0
                cstackBANK0                          20       20       19       20       1
                cstackCOMMON                         70       70        C       70       1
                bssBANK0                             39       39        8       20       1
                bssCOMMON                            7C       7C        1       70       1

TOTAL           Name                               Link     Load   Length     Space
        CLASS   STACK          

        CLASS   CODE           
                end_init                             12       12        3         0
                cinit                                15       15        F         0
                intentry                              4        4        E         0
                reset_vec                             0        0        3         0
                text14                              211      211       53         0
                text13                              409      409       23         0
                text12                              336      336       3C         0
                text11                              44A      44A       1D         0
                text10                              3E4      3E4       25         0
                text9                               3AB      3AB       39         0
                text8                               15F      15F       5B         0
                text7                               264      264       4D         0
                text6                               1BA      1BA       57         0
                text5                               2B1      2B1       44         0
                text4                                24       24       BC         0
                text3                               372      372       39         0
                text2                               2F5      2F5       41         0
                text1                                E0       E0       7F         0
                maintext                            42C      42C       1E         0

        CLASS   STRCODE        

        CLASS   STRING         

        CLASS   CONST          

        CLASS   ENTRY          

        CLASS   COMMON         
                cstackCOMMON                         70       70        C         1
                bssCOMMON                            7C       7C        1         1

        CLASS   BANK0          
                cstackBANK0                          20       20       19         1
                bssBANK0                             39       39        8         1

        CLASS   BANK1          

        CLASS   BANK2          

        CLASS   BANK3          

        CLASS   RAM            

        CLASS   ABS1           
                abs_s1                               7E       7E        2         1

        CLASS   SFR0           

        CLASS   SFR1           

        CLASS   SFR2           

        CLASS   SFR3           

        CLASS   CONFIG         

        CLASS   IDLOC          

        CLASS   EEDATA         



SEGMENTS        Name                           Load    Length   Top    Selector   Space  Class     Delta

                reset_vec                      000000  000003  000003         0       0  CODE        2
                intentry                       000004  000463  000467         8       0  CODE        2
                cstackBANK0                    000020  000021  000041        20       1  BANK0       1
                cstackCOMMON                   000070  00000D  00007D        70       1  COMMON      1


UNUSED ADDRESS RANGES

        Name                Unused          Largest block    Delta
        BANK0            041-06F            2F           1
        BANK1            0A0-0EF            50           1
        BANK2            110-16F            60           1
        BANK3            190-1EF            60           1
        CODE             003-003             1           2
                         467-1FFF           800
        COMMON           07D-07D             1           1
        CONFIG           2007-2008             2           2
        CONST            003-003             1           2
                         467-1FFF           100
        EEDATA           2100-21FF           100           2
        ENTRY            003-003             1           2
                         467-1FFF           100
        IDLOC            2000-2003             4           2
        RAM              041-06F            2F           1
                         0A0-0EF            50
                         110-16F            60
                         190-1EF            60
        SFR0             000-01F            20           1
        SFR1             080-09F            20           1
        SFR2             100-10F            10           1
        SFR3             180-18F            10           1
        STACK            110-16F            60           1
        STRCODE          003-003             1           2
                         467-1FFF          1B99
        STRING           003-003             1           2
                         467-1FFF           100

                                  Symbol Table

?___awdiv                    cstackBANK0  020
?___awmod                    cstackBANK0  020
_ANSELH                      (abs)        189
_PORTA                       (abs)        005
_PORTB                       (abs)        006
_RC1                         (abs)        039
_RC2                         (abs)        03A
_RD0                         (abs)        040
_TRISA                       (abs)        085
_TRISB                       (abs)        086
_TRISC                       (abs)        087
_TRISD                       (abs)        088
__Habs1                      abs1         000
__Hbank0                     bank0        000
__Hbank1                     bank1        000
__Hbank2                     bank2        000
__Hbank3                     bank3        000
__HbssBANK0                  bssBANK0     000
__HbssCOMMON                 bssCOMMON    000
__Hcinit                     cinit        024
__Hclrtext                   clrtext      000
__Hcode                      code         000
__Hcommon                    common       000
__Hconfig                    config       000
__HcstackBANK0               cstackBANK0  000
__HcstackCOMMON              cstackCOMMON 000
__Heeprom_data               eeprom_data  000
__Hend_init                  end_init     015
__Hfunctab                   functab      000
__Hidloc                     idloc        000
__Hinit                      init         012
__Hintentry                  intentry     012
__Hmaintext                  maintext     000
__Hpowerup                   powerup      000
__Hram                       ram          000
__Hreset_vec                 reset_vec    003
__Hsfr0                      sfr0         000
__Hsfr1                      sfr1         000
__Hsfr2                      sfr2         000
__Hsfr3                      sfr3         000
__Hspace_0                   (abs)        467
__Hspace_1                   (abs)        07D
__Hspace_2                   (abs)        000
__Hspace_3                   (abs)        000
__Hstack                     stack        000
__Hstrings                   strings      000
__Htext                      text         000
__Labs1                      abs1         000
__Lbank0                     bank0        000
__Lbank1                     bank1        000
__Lbank2                     bank2        000
__Lbank3                     bank3        000
__LbssBANK0                  bssBANK0     000
__LbssCOMMON                 bssCOMMON    000
__Lcinit                     cinit        015
__Lclrtext                   clrtext      000
__Lcode                      code         000
__Lcommon                    common       000
__Lconfig                    config       000
__LcstackBANK0               cstackBANK0  000
__LcstackCOMMON              cstackCOMMON 000
__Leeprom_data               eeprom_data  000
__Lend_init                  end_init     012
__Lfunctab                   functab      000
__Lidloc                     idloc        000
__Linit                      init         012
__Lintentry                  intentry     004
__Lmaintext                  maintext     000
__Lpowerup                   powerup      000
__Lram                       ram          000
__Lreset_vec                 reset_vec    000
__Lsfr0                      sfr0         000
__Lsfr1                      sfr1         000
__Lsfr2                      sfr2         000
__Lsfr3                      sfr3         000
__Lspace_0                   (abs)        000
__Lspace_1                   (abs)        000
__Lspace_2                   (abs)        000
__Lspace_3                   (abs)        000
__Lstack                     stack        000
__Lstrings                   strings      000
__Ltext                      text         000
__S0                         (abs)        467
__S1                         (abs)        07D
__S2                         (abs)        000
__S3                         (abs)        000
___awdiv                     text8        15F
___awdiv@counter             cstackBANK0  025
___awdiv@dividend            cstackBANK0  022
___awdiv@divisor             cstackBANK0  020
___awdiv@quotient            cstackBANK0  027
___awdiv@sign                cstackBANK0  026
___awmod                     text7        264
___awmod@counter             cstackBANK0  025
___awmod@dividend            cstackBANK0  022
___awmod@divisor             cstackBANK0  020
___awmod@sign                cstackBANK0  026
___int_sp                    stack        000
___latbits                   (abs)        002
___sp                        stack        000
__end_of___awdiv             text8        1BA
__end_of___awmod             text7        2B1
__end_of__initialization     cinit        020
__end_of_button              text11       467
__end_of_escreveHora         text4        0E0
__end_of_lcd_cmd             text10       409
__end_of_lcd_data            text6        211
__end_of_lcd_init            text9        3E4
__end_of_lcd_set_position    text5        2F5
__end_of_main                maintext     44A
__end_of_relogio             text1        15F
__end_of_somaHora            text3        3AB
__end_of_somaMinuto          text2        336
__end_ofi1_lcd_cmd           text13       42C
__end_ofi1_lcd_data          text14       264
__end_ofi1_lcd_set_position  text12       372
__initialization             cinit        015
__pbssBANK0                  bssBANK0     039
__pbssCOMMON                 bssCOMMON    07C
__pcstackBANK0               cstackBANK0  020
__pcstackCOMMON              cstackCOMMON 070
__pintentry                  intentry     004
__pmaintext                  maintext     42C
__ptext1                     text1        0E0
__ptext10                    text10       3E4
__ptext11                    text11       44A
__ptext12                    text12       336
__ptext13                    text13       409
__ptext14                    text14       211
__ptext2                     text2        2F5
__ptext3                     text3        372
__ptext4                     text4        024
__ptext5                     text5        2B1
__ptext6                     text6        1BA
__ptext7                     text7        264
__ptext8                     text8        15F
__ptext9                     text9        3AB
__size_of___awdiv            (abs)        000
__size_of___awmod            (abs)        000
__size_of_button             (abs)        000
__size_of_escreveHora        (abs)        000
__size_of_lcd_cmd            (abs)        000
__size_of_lcd_data           (abs)        000
__size_of_lcd_init           (abs)        000
__size_of_lcd_set_position   (abs)        000
__size_of_main               (abs)        000
__size_of_relogio            (abs)        000
__size_of_somaHora           (abs)        000
__size_of_somaMinuto         (abs)        000
__size_ofi1_lcd_cmd          (abs)        000
__size_ofi1_lcd_data         (abs)        000
__size_ofi1_lcd_set_position (abs)        000
_button                      text11       44A
_escreveHora                 text4        024
_hora                        bssBANK0     03E
_lcd_cmd                     text10       3E4
_lcd_data                    text6        1BA
_lcd_init                    text9        3AB
_lcd_set_position            text5        2B1
_main                        maintext     42C
_min                         bssBANK0     03F
_relogio                     text1        0E0
_sec                         bssBANK0     040
_somaHora                    text3        372
_somaMinuto                  text2        2F5
btemp                        (abs)        07E
end_of_initialization        cinit        020
escreveHora@hora             cstackBANK0  031
escreveHora@horaD            cstackBANK0  02D
escreveHora@horaU            cstackBANK0  02E
escreveHora@min              cstackBANK0  029
escreveHora@minD             cstackBANK0  02F
escreveHora@minU             cstackBANK0  030
i1_lcd_cmd                   text13       409
i1_lcd_data                  text14       211
i1_lcd_set_position          text12       336
i1lcd_cmd@cmd                cstackCOMMON 072
i1lcd_data@data              cstackCOMMON 072
i1lcd_data@high_nibble       cstackCOMMON 074
i1lcd_data@low_nibble        cstackCOMMON 073
i1lcd_set_position@pos       cstackCOMMON 076
i1lcd_set_position@x         cstackCOMMON 075
i1lcd_set_position@y         cstackCOMMON 073
interrupt_function           intentry     004
intlevel0                    functab      000
intlevel1                    functab      000
intlevel2                    functab      000
intlevel3                    functab      000
intlevel4                    functab      000
intlevel5                    functab      000
lcd_cmd@cmd                  cstackBANK0  022
lcd_data@data                cstackBANK0  024
lcd_data@high_nibble         cstackBANK0  023
lcd_data@low_nibble          cstackBANK0  022
lcd_set_position@pos         cstackBANK0  026
lcd_set_position@x           cstackBANK0  025
lcd_set_position@y           cstackBANK0  023
reset_vec                    reset_vec    000
saved_w                      (abs)        07E
stackhi                      (abs)        000
stacklo                      (abs)        000
start                        init         012
start_initialization         cinit        015
wtemp0                       (abs)        07E


FUNCTION INFORMATION:

 *************** function _main *****************
 Defined at:
		line 19 in file "C:\Users\Aluno\Desktop\BrennerBatista\code\main.c"
 Parameters:    Size  Location     Type
		None
 Auto vars:     Size  Location     Type
		None
 Return value:  Size  Location     Type
                  1    wreg      void 
 Registers used:
		wreg, status,2, status,0, pclath, cstack
 Tracked objects:
		On entry : 
		On exit  : 
		Unchanged: 
 Data sizes:     COMMON   BANK0   BANK1   BANK3   BANK2
      Params:         0       0       0       0       0
      Locals:         0       0       0       0       0
      Temps:          0       2       0       0       0
      Totals:         0       2       0       0       0
Total ram usage:        2 bytes
 Hardware stack levels required when called:    8
 This function calls:
		_lcd_init
		_relogio
 This function is called by:
		Startup code after reset
 This function uses a non-reentrant model


 *************** function _relogio *****************
 Defined at:
		line 34 in file "C:\Users\Aluno\Desktop\BrennerBatista\code\main.c"
 Parameters:    Size  Location     Type
		None
 Auto vars:     Size  Location     Type
		None
 Return value:  Size  Location     Type
                  2   18[None  ] int 
 Registers used:
		wreg, status,2, status,0, pclath, cstack
 Tracked objects:
		On entry : 
		On exit  : 
		Unchanged: 
 Data sizes:     COMMON   BANK0   BANK1   BANK3   BANK2
      Params:         0       0       0       0       0
      Locals:         0       0       0       0       0
      Temps:          0       3       0       0       0
      Totals:         0       3       0       0       0
Total ram usage:        3 bytes
 Hardware stack levels used:    1
 Hardware stack levels required when called:    7
 This function calls:
		_escreveHora
		_lcd_data
		_lcd_set_position
		_somaHora
		_somaMinuto
 This function is called by:
		_main
 This function uses a non-reentrant model


 *************** function _somaMinuto *****************
 Defined at:
		line 80 in file "C:\Users\Aluno\Desktop\BrennerBatista\code\main.c"
 Parameters:    Size  Location     Type
		None
 Auto vars:     Size  Location     Type
		None
 Return value:  Size  Location     Type
                  2   22[None  ] int 
 Registers used:
		wreg, status,2, status,0, pclath, cstack
 Tracked objects:
		On entry : 
		On exit  : 
		Unchanged: 
 Data sizes:     COMMON   BANK0   BANK1   BANK3   BANK2
      Params:         0       0       0       0       0
      Locals:         0       0       0       0       0
      Temps:          0       2       0       0       0
      Totals:         0       2       0       0       0
Total ram usage:        2 bytes
 Hardware stack levels used:    1
 Hardware stack levels required when called:    6
 This function calls:
		_escreveHora
		_lcd_data
		_lcd_set_position
 This function is called by:
		_relogio
 This function uses a non-reentrant model


 *************** function _somaHora *****************
 Defined at:
		line 104 in file "C:\Users\Aluno\Desktop\BrennerBatista\code\main.c"
 Parameters:    Size  Location     Type
		None
 Auto vars:     Size  Location     Type
		None
 Return value:  Size  Location     Type
                  2   26[None  ] int 
 Registers used:
		wreg, status,2, status,0, pclath, cstack
 Tracked objects:
		On entry : 
		On exit  : 
		Unchanged: 
 Data sizes:     COMMON   BANK0   BANK1   BANK3   BANK2
      Params:         0       0       0       0       0
      Locals:         0       0       0       0       0
      Temps:          0       2       0       0       0
      Totals:         0       2       0       0       0
Total ram usage:        2 bytes
 Hardware stack levels used:    1
 Hardware stack levels required when called:    6
 This function calls:
		_escreveHora
		_lcd_data
		_lcd_set_position
 This function is called by:
		_relogio
 This function uses a non-reentrant model


 *************** function _escreveHora *****************
 Defined at:
		line 77 in file "C:\Users\Aluno\Desktop\BrennerBatista\code\lcd.c"
 Parameters:    Size  Location     Type
  hora            1    wreg     unsigned char 
  min             1    9[BANK0 ] unsigned char 
 Auto vars:     Size  Location     Type
  hora            1   17[BANK0 ] unsigned char 
  minU            1   16[BANK0 ] unsigned char 
  minD            1   15[BANK0 ] unsigned char 
  horaU           1   14[BANK0 ] unsigned char 
  horaD           1   13[BANK0 ] unsigned char 
 Return value:  Size  Location     Type
                  1    wreg      unsigned char 
 Registers used:
		wreg, status,2, status,0, pclath, cstack
 Tracked objects:
		On entry : 
		On exit  : 
		Unchanged: 
 Data sizes:     COMMON   BANK0   BANK1   BANK3   BANK2
      Params:         0       1       0       0       0
      Locals:         0       5       0       0       0
      Temps:          0       3       0       0       0
      Totals:         0       9       0       0       0
Total ram usage:        9 bytes
 Hardware stack levels used:    1
 Hardware stack levels required when called:    5
 This function calls:
		___awdiv
		___awmod
		_lcd_data
		_lcd_set_position
 This function is called by:
		_relogio
		_somaMinuto
		_somaHora
 This function uses a non-reentrant model


 *************** function _lcd_set_position *****************
 Defined at:
		line 59 in file "C:\Users\Aluno\Desktop\BrennerBatista\code\lcd.c"
 Parameters:    Size  Location     Type
  x               1    wreg     unsigned char 
  y               1    3[BANK0 ] unsigned char 
 Auto vars:     Size  Location     Type
  x               1    5[BANK0 ] unsigned char 
  pos             1    6[BANK0 ] unsigned char 
 Return value:  Size  Location     Type
                  1    wreg      unsigned char 
 Registers used:
		wreg, status,2, status,0, pclath, cstack
 Tracked objects:
		On entry : 
		On exit  : 
		Unchanged: 
 Data sizes:     COMMON   BANK0   BANK1   BANK3   BANK2
      Params:         0       1       0       0       0
      Locals:         0       2       0       0       0
      Temps:          0       1       0       0       0
      Totals:         0       4       0       0       0
Total ram usage:        4 bytes
 Hardware stack levels used:    1
 Hardware stack levels required when called:    4
 This function calls:
		_lcd_cmd
 This function is called by:
		_relogio
		_somaMinuto
		_somaHora
		_escreveHora
 This function uses a non-reentrant model


 *************** function _lcd_data *****************
 Defined at:
		line 33 in file "C:\Users\Aluno\Desktop\BrennerBatista\code\lcd.c"
 Parameters:    Size  Location     Type
  data            1    wreg     unsigned char 
 Auto vars:     Size  Location     Type
  data            1    4[BANK0 ] unsigned char 
  high_nibble     1    3[BANK0 ] unsigned char 
  low_nibble      1    2[BANK0 ] unsigned char 
 Return value:  Size  Location     Type
                  1    wreg      unsigned char 
 Registers used:
		wreg, status,2, status,0
 Tracked objects:
		On entry : 
		On exit  : 
		Unchanged: 
 Data sizes:     COMMON   BANK0   BANK1   BANK3   BANK2
      Params:         0       0       0       0       0
      Locals:         0       3       0       0       0
      Temps:          0       2       0       0       0
      Totals:         0       5       0       0       0
Total ram usage:        5 bytes
 Hardware stack levels used:    1
 Hardware stack levels required when called:    3
 This function calls:
		Nothing
 This function is called by:
		_relogio
		_somaMinuto
		_somaHora
		_escreveHora
 This function uses a non-reentrant model


 *************** function ___awmod *****************
 Defined at:
		line 6 in file "C:\Program Files (x86)\Microchip\xc8\v1.45\sources\common\awmod.c"
 Parameters:    Size  Location     Type
  divisor         2    0[BANK0 ] int 
  dividend        2    2[BANK0 ] int 
 Auto vars:     Size  Location     Type
  sign            1    6[BANK0 ] unsigned char 
  counter         1    5[BANK0 ] unsigned char 
 Return value:  Size  Location     Type
                  2    0[BANK0 ] int 
 Registers used:
		wreg, status,2, status,0
 Tracked objects:
		On entry : 
		On exit  : 
		Unchanged: 
 Data sizes:     COMMON   BANK0   BANK1   BANK3   BANK2
      Params:         0       4       0       0       0
      Locals:         0       2       0       0       0
      Temps:          0       1       0       0       0
      Totals:         0       7       0       0       0
Total ram usage:        7 bytes
 Hardware stack levels used:    1
 Hardware stack levels required when called:    3
 This function calls:
		Nothing
 This function is called by:
		_escreveHora
 This function uses a non-reentrant model


 *************** function ___awdiv *****************
 Defined at:
		line 6 in file "C:\Program Files (x86)\Microchip\xc8\v1.45\sources\common\awdiv.c"
 Parameters:    Size  Location     Type
  divisor         2    0[BANK0 ] int 
  dividend        2    2[BANK0 ] int 
 Auto vars:     Size  Location     Type
  quotient        2    7[BANK0 ] int 
  sign            1    6[BANK0 ] unsigned char 
  counter         1    5[BANK0 ] unsigned char 
 Return value:  Size  Location     Type
                  2    0[BANK0 ] int 
 Registers used:
		wreg, status,2, status,0
 Tracked objects:
		On entry : 
		On exit  : 
		Unchanged: 
 Data sizes:     COMMON   BANK0   BANK1   BANK3   BANK2
      Params:         0       4       0       0       0
      Locals:         0       4       0       0       0
      Temps:          0       1       0       0       0
      Totals:         0       9       0       0       0
Total ram usage:        9 bytes
 Hardware stack levels used:    1
 Hardware stack levels required when called:    3
 This function calls:
		Nothing
 This function is called by:
		_escreveHora
 This function uses a non-reentrant model


 *************** function _lcd_init *****************
 Defined at:
		line 3 in file "C:\Users\Aluno\Desktop\BrennerBatista\code\lcd.c"
 Parameters:    Size  Location     Type
		None
 Auto vars:     Size  Location     Type
		None
 Return value:  Size  Location     Type
                  1    wreg      unsigned char 
 Registers used:
		wreg, status,2, status,0, pclath, cstack
 Tracked objects:
		On entry : 
		On exit  : 
		Unchanged: 
 Data sizes:     COMMON   BANK0   BANK1   BANK3   BANK2
      Params:         0       0       0       0       0
      Locals:         0       0       0       0       0
      Temps:          0       2       0       0       0
      Totals:         0       2       0       0       0
Total ram usage:        2 bytes
 Hardware stack levels used:    1
 Hardware stack levels required when called:    4
 This function calls:
		_lcd_cmd
 This function is called by:
		_main
 This function uses a non-reentrant model


 *************** function _lcd_cmd *****************
 Defined at:
		line 21 in file "C:\Users\Aluno\Desktop\BrennerBatista\code\lcd.c"
 Parameters:    Size  Location     Type
  cmd             1    wreg     unsigned char 
 Auto vars:     Size  Location     Type
  cmd             1    2[BANK0 ] unsigned char 
 Return value:  Size  Location     Type
                  1    wreg      unsigned char 
 Registers used:
		wreg, status,2, status,0
 Tracked objects:
		On entry : 
		On exit  : 
		Unchanged: 
 Data sizes:     COMMON   BANK0   BANK1   BANK3   BANK2
      Params:         0       0       0       0       0
      Locals:         0       1       0       0       0
      Temps:          0       2       0       0       0
      Totals:         0       3       0       0       0
Total ram usage:        3 bytes
 Hardware stack levels used:    1
 Hardware stack levels required when called:    3
 This function calls:
		Nothing
 This function is called by:
		_lcd_init
		_lcd_set_position
 This function uses a non-reentrant model


 *************** function _button *****************
 Defined at:
		line 14 in file "C:\Users\Aluno\Desktop\BrennerBatista\code\main.c"
 Parameters:    Size  Location     Type
		None
 Auto vars:     Size  Location     Type
		None
 Return value:  Size  Location     Type
                  1    wreg      void 
 Registers used:
		wreg, status,2, status,0, pclath, cstack
 Tracked objects:
		On entry : 
		On exit  : 
		Unchanged: 
 Data sizes:     COMMON   BANK0   BANK1   BANK3   BANK2
      Params:         0       0       0       0       0
      Locals:         0       0       0       0       0
      Temps:          5       0       0       0       0
      Totals:         5       0       0       0       0
Total ram usage:        5 bytes
 Hardware stack levels used:    1
 Hardware stack levels required when called:    2
 This function calls:
		i1_lcd_data
		i1_lcd_set_position
 This function is called by:
		Interrupt level 1
 This function uses a non-reentrant model


 *************** function i1_lcd_set_position *****************
 Defined at:
		line 59 in file "C:\Users\Aluno\Desktop\BrennerBatista\code\lcd.c"
 Parameters:    Size  Location     Type
  x               1    wreg     unsigned char 
  y               1    3[COMMON] unsigned char 
 Auto vars:     Size  Location     Type
  x               1    5[COMMON] unsigned char 
  lcd_set_posi    1    6[COMMON] unsigned char 
 Return value:  Size  Location     Type
                  1    wreg      unsigned char 
 Registers used:
		wreg, status,2, status,0, pclath, cstack
 Tracked objects:
		On entry : 
		On exit  : 
		Unchanged: 
 Data sizes:     COMMON   BANK0   BANK1   BANK3   BANK2
      Params:         1       0       0       0       0
      Locals:         2       0       0       0       0
      Temps:          1       0       0       0       0
      Totals:         4       0       0       0       0
Total ram usage:        4 bytes
 Hardware stack levels used:    1
 Hardware stack levels required when called:    1
 This function calls:
		i1_lcd_cmd
 This function is called by:
		_button
 This function uses a non-reentrant model


 *************** function i1_lcd_cmd *****************
 Defined at:
		line 21 in file "C:\Users\Aluno\Desktop\BrennerBatista\code\lcd.c"
 Parameters:    Size  Location     Type
  cmd             1    wreg     unsigned char 
 Auto vars:     Size  Location     Type
  cmd             1    2[COMMON] unsigned char 
 Return value:  Size  Location     Type
                  1    wreg      unsigned char 
 Registers used:
		wreg, status,2, status,0
 Tracked objects:
		On entry : 
		On exit  : 
		Unchanged: 
 Data sizes:     COMMON   BANK0   BANK1   BANK3   BANK2
      Params:         0       0       0       0       0
      Locals:         1       0       0       0       0
      Temps:          2       0       0       0       0
      Totals:         3       0       0       0       0
Total ram usage:        3 bytes
 Hardware stack levels used:    1
 This function calls:
		Nothing
 This function is called by:
		i1_lcd_set_position
 This function uses a non-reentrant model


 *************** function i1_lcd_data *****************
 Defined at:
		line 33 in file "C:\Users\Aluno\Desktop\BrennerBatista\code\lcd.c"
 Parameters:    Size  Location     Type
  data            1    wreg     unsigned char 
 Auto vars:     Size  Location     Type
  data            1    2[COMMON] unsigned char 
  lcd_data        1    4[COMMON] unsigned char 
  lcd_data        1    3[COMMON] unsigned char 
 Return value:  Size  Location     Type
                  1    wreg      unsigned char 
 Registers used:
		wreg, status,2, status,0
 Tracked objects:
		On entry : 
		On exit  : 
		Unchanged: 
 Data sizes:     COMMON   BANK0   BANK1   BANK3   BANK2
      Params:         0       0       0       0       0
      Locals:         3       0       0       0       0
      Temps:          2       0       0       0       0
      Totals:         5       0       0       0       0
Total ram usage:        5 bytes
 Hardware stack levels used:    1
 This function calls:
		Nothing
 This function is called by:
		_button
 This function uses a non-reentrant model



MODULE INFORMATION

Module		Function		Class		Link	Load	Size
C:\Users\Aluno\Desktop\BrennerBatista\code\main.c
		_main          		CODE           	042C	0000	31
		_button        		CODE           	044A	0000	30
		_somaHora      		CODE           	0372	0000	58
		_somaMinuto    		CODE           	02F5	0000	66
		_relogio       		CODE           	00E0	0000	128

C:\Users\Aluno\Desktop\BrennerBatista\code\main.c estimated size: 313

C:\Program Files (x86)\Microchip\xc8\v1.45\sources\common\awmod.c
		___awmod       		CODE           	0264	0000	78

C:\Program Files (x86)\Microchip\xc8\v1.45\sources\common\awmod.c estimated size: 78

shared
		__initialization		CODE           	0015	0000	12
		i1_lcd_data    		CODE           	0211	0000	84
		i1_lcd_set_position		CODE           	0336	0000	61
		i1_lcd_cmd     		CODE           	0409	0000	36

shared estimated size: 193

C:\Users\Aluno\Desktop\BrennerBatista\code\lcd.c
		_lcd_cmd       		CODE           	03E4	0000	38
		_escreveHora   		CODE           	0024	0000	189
		_lcd_data      		CODE           	01BA	0000	88
		_lcd_set_position		CODE           	02B1	0000	69
		_lcd_init      		CODE           	03AB	0000	58

C:\Users\Aluno\Desktop\BrennerBatista\code\lcd.c estimated size: 442

C:\Program Files (x86)\Microchip\xc8\v1.45\sources\common\awdiv.c
		___awdiv       		CODE           	015F	0000	92

C:\Program Files (x86)\Microchip\xc8\v1.45\sources\common\awdiv.c estimated size: 92

